// Jest Snapshot v1, https://goo.gl/fbAQLP

exports[`Main Layout should match snapshot with rendered Child Components 1`] = `
<div>
  <main>
    <div>
      Sample Component
    </div>
  </main>
</div>
`;
